// Jest Snapshot v1, https://goo.gl/fbAQLP

exports[`Job Filters UniTest should match the snapshot 1`] = `null`;
