// Jest Snapshot v1, https://goo.gl/fbAQLP

exports[`Job List UniTest should match the snapshot 1`] = `null`;
