// Jest Snapshot v1, https://goo.gl/fbAQLP

exports[`Profile Page UniTest should match the snapshot 1`] = `null`;
