// Jest Snapshot v1, https://goo.gl/fbAQLP

exports[`App UniTest app snapshots test 1`] = `ShallowWrapper {}`;
