// Jest Snapshot v1, https://goo.gl/fbAQLP

exports[`Job Details UniTest should match the snapshot 1`] = `null`;
